Build output from Vercel deployment
